Connected to Kite as: Jaishree Rani

======================================================================
🚀 NIFTY 50 BREAKOUT TRADING BOT
======================================================================
Strategy: Day High/Low Breakout
India VIX: 11.3%
Risk Model: VIX-Based (India VIX: 11.3%)
Stop Loss: 11% | Target: 33%
Trading Hours: 9:15 - 15:15 IST
Check Interval: 10 seconds
======================================================================

============================================================
Initializing Trading Day
============================================================
Previous Trading Day (2025-10-20): High: 25926.2, Low: 25788.5
Previous Day High: 25926.2
Previous Day Low: 25788.5
✅ Day initialized successfully

======================================================================
⏰ 2025-10-21 16:53:43 IST | Market: 🔴 CLOSED
======================================================================
📊 Previous Day - High: 25926.2, Low: 25788.5
💹 Current Nifty: 25868.6
📍 Position: None
📈 Trades Today: 0/2
🔸 High Breakout: ✗
🔹 Low Breakout: ✗
======================================================================

======================================================================
⏰ 2025-10-21 16:53:54 IST | Market: 🔴 CLOSED
======================================================================
📊 Previous Day - High: 25926.2, Low: 25788.5
💹 Current Nifty: 25868.6
📍 Position: None
📈 Trades Today: 0/2
🔸 High Breakout: ✗
🔹 Low Breakout: ✗
======================================================================

======================================================================
⏰ 2025-10-21 16:54:04 IST | Market: 🔴 CLOSED
======================================================================
📊 Previous Day - High: 25926.2, Low: 25788.5
💹 Current Nifty: 25868.6
📍 Position: None
📈 Trades Today: 0/2
🔸 High Breakout: ✗
🔹 Low Breakout: ✗
======================================================================

======================================================================
⏰ 2025-10-21 16:54:14 IST | Market: 🔴 CLOSED
======================================================================
📊 Previous Day - High: 25926.2, Low: 25788.5
💹 Current Nifty: 25868.6
📍 Position: None
📈 Trades Today: 0/2
🔸 High Breakout: ✗
🔹 Low Breakout: ✗
======================================================================

======================================================================
⏰ 2025-10-21 16:54:25 IST | Market: 🔴 CLOSED
======================================================================
📊 Previous Day - High: 25926.2, Low: 25788.5
💹 Current Nifty: 25868.6
📍 Position: None
📈 Trades Today: 0/2
🔸 High Breakout: ✗
🔹 Low Breakout: ✗
======================================================================

======================================================================
⏰ 2025-10-21 16:54:35 IST | Market: 🔴 CLOSED
======================================================================
📊 Previous Day - High: 25926.2, Low: 25788.5
💹 Current Nifty: 25868.6
📍 Position: None
📈 Trades Today: 0/2
🔸 High Breakout: ✗
🔹 Low Breakout: ✗
======================================================================

======================================================================
⏰ 2025-10-21 16:54:45 IST | Market: 🔴 CLOSED
======================================================================
📊 Previous Day - High: 25926.2, Low: 25788.5
💹 Current Nifty: 25868.6
📍 Position: None
📈 Trades Today: 0/2
🔸 High Breakout: ✗
🔹 Low Breakout: ✗
======================================================================

======================================================================
⏰ 2025-10-21 16:54:55 IST | Market: 🔴 CLOSED
======================================================================
📊 Previous Day - High: 25926.2, Low: 25788.5
💹 Current Nifty: 25868.6
📍 Position: None
📈 Trades Today: 0/2
🔸 High Breakout: ✗
🔹 Low Breakout: ✗
======================================================================

======================================================================
⏰ 2025-10-21 16:55:06 IST | Market: 🔴 CLOSED
======================================================================
📊 Previous Day - High: 25926.2, Low: 25788.5
💹 Current Nifty: 25868.6
📍 Position: None
📈 Trades Today: 0/2
🔸 High Breakout: ✗
🔹 Low Breakout: ✗
======================================================================

======================================================================
⏰ 2025-10-21 16:55:16 IST | Market: 🔴 CLOSED
======================================================================
📊 Previous Day - High: 25926.2, Low: 25788.5
💹 Current Nifty: 25868.6
📍 Position: None
📈 Trades Today: 0/2
🔸 High Breakout: ✗
🔹 Low Breakout: ✗
======================================================================

======================================================================
⏰ 2025-10-21 16:55:26 IST | Market: 🔴 CLOSED
======================================================================
📊 Previous Day - High: 25926.2, Low: 25788.5
💹 Current Nifty: 25868.6
📍 Position: None
📈 Trades Today: 0/2
🔸 High Breakout: ✗
🔹 Low Breakout: ✗
======================================================================

======================================================================
⏰ 2025-10-21 16:55:37 IST | Market: 🔴 CLOSED
======================================================================
📊 Previous Day - High: 25926.2, Low: 25788.5
💹 Current Nifty: 25868.6
📍 Position: None
📈 Trades Today: 0/2
🔸 High Breakout: ✗
🔹 Low Breakout: ✗
======================================================================

======================================================================
⏰ 2025-10-21 16:55:47 IST | Market: 🔴 CLOSED
======================================================================
📊 Previous Day - High: 25926.2, Low: 25788.5
💹 Current Nifty: 25868.6
📍 Position: None
📈 Trades Today: 0/2
🔸 High Breakout: ✗
🔹 Low Breakout: ✗
======================================================================

======================================================================
⏰ 2025-10-21 16:55:57 IST | Market: 🔴 CLOSED
======================================================================
📊 Previous Day - High: 25926.2, Low: 25788.5
💹 Current Nifty: 25868.6
📍 Position: None
📈 Trades Today: 0/2
🔸 High Breakout: ✗
🔹 Low Breakout: ✗
======================================================================

======================================================================
⏰ 2025-10-21 16:56:07 IST | Market: 🔴 CLOSED
======================================================================
📊 Previous Day - High: 25926.2, Low: 25788.5
💹 Current Nifty: 25868.6
📍 Position: None
📈 Trades Today: 0/2
🔸 High Breakout: ✗
🔹 Low Breakout: ✗
======================================================================

======================================================================
⏰ 2025-10-21 16:56:18 IST | Market: 🔴 CLOSED
======================================================================
📊 Previous Day - High: 25926.2, Low: 25788.5
Error: No current price data available
📍 Position: None
📈 Trades Today: 0/2
🔸 High Breakout: ✗
🔹 Low Breakout: ✗
======================================================================

======================================================================
⏰ 2025-10-21 16:56:38 IST | Market: 🔴 CLOSED
======================================================================
📊 Previous Day - High: 25926.2, Low: 25788.5
Error: No current price data available
📍 Position: None
📈 Trades Today: 0/2
🔸 High Breakout: ✗
🔹 Low Breakout: ✗
======================================================================

======================================================================
⏰ 2025-10-21 16:56:58 IST | Market: 🔴 CLOSEDConnected to Kite as: Jaishree Rani
Loaded existing trade state

======================================================================
🚀 NIFTY 50 BREAKOUT TRADING BOT
======================================================================
Strategy: Day High/Low Breakout
India VIX: 11.3%
Risk Model: VIX-Based (India VIX: 11.3%)
Stop Loss: 11% | Target: 33%
Trading Hours: 9:15 - 15:15 IST
Check Interval: 10 seconds
======================================================================

======================================================================
⏰ 2025-10-21 16:57:46 IST | Market: 🔴 CLOSED
======================================================================
📊 Previous Day - High: 25926.2, Low: 25788.5
💹 Current Nifty: 25868.6
📍 Position: None
📈 Trades Today: 0/2
🔸 High Breakout: ✗
🔹 Low Breakout: ✗
======================================================================

======================================================================
⏰ 2025-10-21 16:57:56 IST | Market: 🔴 CLOSED
======================================================================
📊 Previous Day - High: 25926.2, Low: 25788.5
💹 Current Nifty: 25868.6
📍 Position: None
📈 Trades Today: 0/2
🔸 High Breakout: ✗
🔹 Low Breakout: ✗
======================================================================

======================================================================
⏰ 2025-10-21 16:58:06 IST | Market: 🔴 CLOSED
======================================================================
📊 Previous Day - High: 25926.2, Low: 25788.5
💹 Current Nifty: 25868.6
📍 Position: None
📈 Trades Today: 0/2
🔸 High Breakout: ✗
🔹 Low Breakout: ✗
======================================================================

======================================================================
⏰ 2025-10-21 16:58:16 IST | Market: 🔴 CLOSED
======================================================================
📊 Previous Day - High: 25926.2, Low: 25788.5
💹 Current Nifty: 25868.6
📍 Position: None
📈 Trades Today: 0/2
🔸 High Breakout: ✗
🔹 Low Breakout: ✗
======================================================================

======================================================================
⏰ 2025-10-21 16:58:26 IST | Market: 🔴 CLOSED
======================================================================
📊 Previous Day - High: 25926.2, Low: 25788.5
💹 Current Nifty: 25868.6
📍 Position: None
📈 Trades Today: 0/2
🔸 High Breakout: ✗
🔹 Low Breakout: ✗
======================================================================

======================================================================
⏰ 2025-10-21 16:58:36 IST | Market: 🔴 CLOSED
======================================================================
📊 Previous Day - High: 25926.2, Low: 25788.5
💹 Current Nifty: 25868.6
📍 Position: None
📈 Trades Today: 0/2
🔸 High Breakout: ✗
🔹 Low Breakout: ✗
======================================================================

======================================================================
⏰ 2025-10-21 16:58:47 IST | Market: 🔴 CLOSED
======================================================================
📊 Previous Day - High: 25926.2, Low: 25788.5
💹 Current Nifty: 25868.6
📍 Position: None
📈 Trades Today: 0/2
🔸 High Breakout: ✗
🔹 Low Breakout: ✗
======================================================================

======================================================================
⏰ 2025-10-21 16:58:57 IST | Market: 🔴 CLOSED
======================================================================
📊 Previous Day - High: 25926.2, Low: 25788.5
💹 Current Nifty: 25868.6
📍 Position: None
📈 Trades Today: 0/2
🔸 High Breakout: ✗
🔹 Low Breakout: ✗
======================================================================

======================================================================
⏰ 2025-10-21 16:59:07 IST | Market: 🔴 CLOSED
======================================================================
📊 Previous Day - High: 25926.2, Low: 25788.5
💹 Current Nifty: 25868.6
📍 Position: None
📈 Trades Today: 0/2
🔸 High Breakout: ✗
🔹 Low Breakout: ✗
======================================================================

======================================================================
⏰ 2025-10-21 16:59:17 IST | Market: 🔴 CLOSED
======================================================================
📊 Previous Day - High: 25926.2, Low: 25788.5
💹 Current Nifty: 25868.6
📍 Position: None
📈 Trades Today: 0/2
🔸 High Breakout: ✗
🔹 Low Breakout: ✗
======================================================================

======================================================================
⏰ 2025-10-21 16:59:27 IST | Market: 🔴 CLOSED
======================================================================
📊 Previous Day - High: 25926.2, Low: 25788.5
💹 Current Nifty: 25868.6
📍 Position: None
📈 Trades Today: 0/2
🔸 High Breakout: ✗
🔹 Low Breakout: ✗
======================================================================

======================================================================
⏰ 2025-10-21 16:59:37 IST | Market: 🔴 CLOSED
======================================================================
📊 Previous Day - High: 25926.2, Low: 25788.5
💹 Current Nifty: 25868.6
📍 Position: None
📈 Trades Today: 0/2
🔸 High Breakout: ✗
🔹 Low Breakout: ✗
======================================================================
Connected to Kite as: Jaishree Rani
Loaded existing trade state

======================================================================
🚀 NIFTY 50 BREAKOUT TRADING BOT
======================================================================
Strategy: Day High/Low Breakout
India VIX: 11.3%
Risk Model: VIX-Based (India VIX: 11.3%)
Stop Loss: 11% | Target: 33%
Trading Hours: 9:15 - 15:15 IST
Check Interval: 10 seconds
======================================================================

======================================================================
⏰ 2025-10-21 16:59:50 IST | Market: 🔴 CLOSED
======================================================================
📊 Previous Day - High: 25926.2, Low: 25788.5
💹 Current Nifty: 25868.6
📍 Position: None
📈 Trades Today: 0/2
🔸 High Breakout: ✗
🔹 Low Breakout: ✗
======================================================================

======================================================================
⏰ 2025-10-21 17:00:00 IST | Market: 🔴 CLOSED
======================================================================
📊 Previous Day - High: 25926.2, Low: 25788.5
💹 Current Nifty: 25868.6
📍 Position: None
📈 Trades Today: 0/2
🔸 High Breakout: ✗
🔹 Low Breakout: ✗
======================================================================

======================================================================
⏰ 2025-10-21 17:00:10 IST | Market: 🔴 CLOSED
======================================================================
📊 Previous Day - High: 25926.2, Low: 25788.5
💹 Current Nifty: 25868.6
📍 Position: None
📈 Trades Today: 0/2
🔸 High Breakout: ✗
🔹 Low Breakout: ✗
======================================================================

======================================================================
⏰ 2025-10-21 17:00:21 IST | Market: 🔴 CLOSED
======================================================================
📊 Previous Day - High: 25926.2, Low: 25788.5
💹 Current Nifty: 25868.6
📍 Position: None
📈 Trades Today: 0/2
🔸 High Breakout: ✗
🔹 Low Breakout: ✗
======================================================================
Connected to Kite as: Jaishree Rani
Loaded existing trade state

======================================================================
🚀 NIFTY 50 BREAKOUT TRADING BOT
======================================================================
Strategy: Day High/Low Breakout
India VIX: 11.3%
Risk Model: VIX-Based (India VIX: 11.3%)
Stop Loss: 11% | Target: 33%
Trading Hours: 9:15 - 15:15 IST
Check Interval: 10 seconds
======================================================================

======================================================================
⏰ 2025-10-21 17:02:08 IST | Market: 🔴 CLOSED
======================================================================
📊 Previous Day - High: 25926.2, Low: 25788.5
💹 Current Nifty: 25868.6
📍 Position: None
📈 Trades Today: 0/2
🔸 High Breakout: ✗
🔹 Low Breakout: ✗
======================================================================

======================================================================
⏰ 2025-10-21 17:02:19 IST | Market: 🔴 CLOSED
======================================================================
📊 Previous Day - High: 25926.2, Low: 25788.5
💹 Current Nifty: 25868.6
📍 Position: None
📈 Trades Today: 0/2
🔸 High Breakout: ✗
🔹 Low Breakout: ✗
======================================================================

======================================================================
⏰ 2025-10-21 17:02:29 IST | Market: 🔴 CLOSED
======================================================================
📊 Previous Day - High: 25926.2, Low: 25788.5
💹 Current Nifty: 25868.6
📍 Position: None
📈 Trades Today: 0/2
🔸 High Breakout: ✗
🔹 Low Breakout: ✗
======================================================================

======================================================================
⏰ 2025-10-21 17:02:39 IST | Market: 🔴 CLOSED
======================================================================
📊 Previous Day - High: 25926.2, Low: 25788.5
💹 Current Nifty: 25868.6
📍 Position: None
📈 Trades Today: 0/2
🔸 High Breakout: ✗
🔹 Low Breakout: ✗
======================================================================

======================================================================
⏰ 2025-10-21 17:02:49 IST | Market: 🔴 CLOSED
======================================================================
📊 Previous Day - High: 25926.2, Low: 25788.5
💹 Current Nifty: 25868.6
📍 Position: None
📈 Trades Today: 0/2
🔸 High Breakout: ✗
🔹 Low Breakout: ✗
======================================================================

======================================================================
⏰ 2025-10-21 17:02:59 IST | Market: 🔴 CLOSED
======================================================================
📊 Previous Day - High: 25926.2, Low: 25788.5
💹 Current Nifty: 25868.6
📍 Position: None
📈 Trades Today: 0/2
🔸 High Breakout: ✗
🔹 Low Breakout: ✗
======================================================================

======================================================================
⏰ 2025-10-21 17:03:10 IST | Market: 🔴 CLOSED
======================================================================
📊 Previous Day - High: 25926.2, Low: 25788.5
💹 Current Nifty: 25868.6
📍 Position: None
📈 Trades Today: 0/2
🔸 High Breakout: ✗
🔹 Low Breakout: ✗
======================================================================

======================================================================
⏰ 2025-10-21 17:03:20 IST | Market: 🔴 CLOSED
======================================================================
📊 Previous Day - High: 25926.2, Low: 25788.5
💹 Current Nifty: 25868.6
📍 Position: None
📈 Trades Today: 0/2
🔸 High Breakout: ✗
🔹 Low Breakout: ✗
======================================================================

======================================================================
⏰ 2025-10-21 17:03:30 IST | Market: 🔴 CLOSED
======================================================================
📊 Previous Day - High: 25926.2, Low: 25788.5
💹 Current Nifty: 25868.6
📍 Position: None
📈 Trades Today: 0/2
🔸 High Breakout: ✗
🔹 Low Breakout: ✗
======================================================================

======================================================================
⏰ 2025-10-21 17:03:40 IST | Market: 🔴 CLOSED
======================================================================
📊 Previous Day - High: 25926.2, Low: 25788.5
💹 Current Nifty: 25868.6
📍 Position: None
📈 Trades Today: 0/2
🔸 High Breakout: ✗
🔹 Low Breakout: ✗
======================================================================

======================================================================
⏰ 2025-10-21 17:03:50 IST | Market: 🔴 CLOSED
======================================================================
📊 Previous Day - High: 25926.2, Low: 25788.5
💹 Current Nifty: 25868.6
📍 Position: None
📈 Trades Today: 0/2
🔸 High Breakout: ✗
🔹 Low Breakout: ✗
======================================================================

======================================================================
⏰ 2025-10-21 17:04:01 IST | Market: 🔴 CLOSED
======================================================================
📊 Previous Day - High: 25926.2, Low: 25788.5
💹 Current Nifty: 25868.6
📍 Position: None
📈 Trades Today: 0/2
🔸 High Breakout: ✗
🔹 Low Breakout: ✗
======================================================================
Connected to Kite as: Jaishree Rani
Loaded existing trade state

======================================================================
🚀 NIFTY 50 BREAKOUT TRADING BOT
======================================================================
Strategy: Day High/Low Breakout
India VIX: 11.3%
Risk Model: VIX-Based (India VIX: 11.3%)
Stop Loss: 11% | Target: 33%
Trading Hours: 9:15 - 15:15 IST
Check Interval: 10 seconds
======================================================================

======================================================================
⏰ 2025-10-21 17:04:05 IST | Market: 🔴 CLOSED
======================================================================
📊 Previous Day - High: 25926.2, Low: 25788.5
💹 Current Nifty: 25868.6
📍 Position: None
📈 Trades Today: 0/2
🔸 High Breakout: ✗
🔹 Low Breakout: ✗
======================================================================

======================================================================
⏰ 2025-10-21 17:04:15 IST | Market: 🔴 CLOSED
======================================================================
📊 Previous Day - High: 25926.2, Low: 25788.5
💹 Current Nifty: 25868.6
📍 Position: None
📈 Trades Today: 0/2
🔸 High Breakout: ✗
🔹 Low Breakout: ✗
======================================================================

======================================================================
⏰ 2025-10-21 17:04:25 IST | Market: 🔴 CLOSED
======================================================================
📊 Previous Day - High: 25926.2, Low: 25788.5
💹 Current Nifty: 25868.6
📍 Position: None
📈 Trades Today: 0/2
🔸 High Breakout: ✗
🔹 Low Breakout: ✗
======================================================================

======================================================================
⏰ 2025-10-21 17:04:35 IST | Market: 🔴 CLOSED
======================================================================
📊 Previous Day - High: 25926.2, Low: 25788.5
💹 Current Nifty: 25868.6
📍 Position: None
📈 Trades Today: 0/2
🔸 High Breakout: ✗
🔹 Low Breakout: ✗
======================================================================

======================================================================
⏰ 2025-10-21 17:04:46 IST | Market: 🔴 CLOSED
======================================================================
📊 Previous Day - High: 25926.2, Low: 25788.5
💹 Current Nifty: 25868.6
📍 Position: None
📈 Trades Today: 0/2
🔸 High Breakout: ✗
🔹 Low Breakout: ✗
======================================================================

======================================================================
⏰ 2025-10-21 17:04:56 IST | Market: 🔴 CLOSED
======================================================================
📊 Previous Day - High: 25926.2, Low: 25788.5
💹 Current Nifty: 25868.6
📍 Position: None
📈 Trades Today: 0/2
🔸 High Breakout: ✗
🔹 Low Breakout: ✗
======================================================================

======================================================================
⏰ 2025-10-21 17:05:06 IST | Market: 🔴 CLOSED
======================================================================
📊 Previous Day - High: 25926.2, Low: 25788.5
💹 Current Nifty: 25868.6
📍 Position: None
📈 Trades Today: 0/2
🔸 High Breakout: ✗
🔹 Low Breakout: ✗
======================================================================

======================================================================
⏰ 2025-10-21 17:05:16 IST | Market: 🔴 CLOSED
======================================================================
📊 Previous Day - High: 25926.2, Low: 25788.5
💹 Current Nifty: 25868.6
📍 Position: None
📈 Trades Today: 0/2
🔸 High Breakout: ✗
🔹 Low Breakout: ✗
======================================================================

======================================================================
⏰ 2025-10-21 17:05:26 IST | Market: 🔴 CLOSED
======================================================================
📊 Previous Day - High: 25926.2, Low: 25788.5
💹 Current Nifty: 25868.6
📍 Position: None
📈 Trades Today: 0/2
🔸 High Breakout: ✗
🔹 Low Breakout: ✗
======================================================================

======================================================================
⏰ 2025-10-21 17:05:37 IST | Market: 🔴 CLOSED
======================================================================
📊 Previous Day - High: 25926.2, Low: 25788.5
💹 Current Nifty: 25868.6
📍 Position: None
📈 Trades Today: 0/2
🔸 High Breakout: ✗
🔹 Low Breakout: ✗
======================================================================

======================================================================
⏰ 2025-10-21 17:05:47 IST | Market: 🔴 CLOSED
======================================================================
📊 Previous Day - High: 25926.2, Low: 25788.5
💹 Current Nifty: 25868.6
📍 Position: None
📈 Trades Today: 0/2
🔸 High Breakout: ✗
🔹 Low Breakout: ✗
======================================================================

======================================================================
⏰ 2025-10-21 17:05:57 IST | Market: 🔴 CLOSED
======================================================================
📊 Previous Day - High: 25926.2, Low: 25788.5
💹 Current Nifty: 25868.6
📍 Position: None
📈 Trades Today: 0/2
🔸 High Breakout: ✗
🔹 Low Breakout: ✗
======================================================================

======================================================================
⏰ 2025-10-21 17:06:08 IST | Market: 🔴 CLOSED
======================================================================
📊 Previous Day - High: 25926.2, Low: 25788.5
💹 Current Nifty: 25868.6
📍 Position: None
📈 Trades Today: 0/2
🔸 High Breakout: ✗
🔹 Low Breakout: ✗
======================================================================

======================================================================
⏰ 2025-10-21 17:06:18 IST | Market: 🔴 CLOSED
======================================================================
📊 Previous Day - High: 25926.2, Low: 25788.5
💹 Current Nifty: 25868.6
📍 Position: None
📈 Trades Today: 0/2
🔸 High Breakout: ✗
🔹 Low Breakout: ✗
======================================================================

======================================================================
⏰ 2025-10-21 17:06:28 IST | Market: 🔴 CLOSED
======================================================================
📊 Previous Day - High: 25926.2, Low: 25788.5
💹 Current Nifty: 25868.6
📍 Position: None
📈 Trades Today: 0/2
🔸 High Breakout: ✗
🔹 Low Breakout: ✗
======================================================================

======================================================================
⏰ 2025-10-21 17:06:38 IST | Market: 🔴 CLOSED
======================================================================
📊 Previous Day - High: 25926.2, Low: 25788.5
💹 Current Nifty: 25868.6
📍 Position: None
📈 Trades Today: 0/2
🔸 High Breakout: ✗
🔹 Low Breakout: ✗
======================================================================

======================================================================
⏰ 2025-10-21 17:06:49 IST | Market: 🔴 CLOSED
======================================================================
📊 Previous Day - High: 25926.2, Low: 25788.5
💹 Current Nifty: 25868.6
📍 Position: None
📈 Trades Today: 0/2
🔸 High Breakout: ✗
🔹 Low Breakout: ✗
======================================================================

======================================================================
⏰ 2025-10-21 17:06:59 IST | Market: 🔴 CLOSED
======================================================================
📊 Previous Day - High: 25926.2, Low: 25788.5
💹 Current Nifty: 25868.6
📍 Position: None
📈 Trades Today: 0/2
🔸 High Breakout: ✗
🔹 Low Breakout: ✗
======================================================================

======================================================================
⏰ 2025-10-21 17:07:09 IST | Market: 🔴 CLOSED
======================================================================
📊 Previous Day - High: 25926.2, Low: 25788.5
💹 Current Nifty: 25868.6
📍 Position: None
📈 Trades Today: 0/2
🔸 High Breakout: ✗
🔹 Low Breakout: ✗
======================================================================

======================================================================
⏰ 2025-10-21 17:07:19 IST | Market: 🔴 CLOSED
======================================================================
📊 Previous Day - High: 25926.2, Low: 25788.5
💹 Current Nifty: 25868.6
📍 Position: None
📈 Trades Today: 0/2
🔸 High Breakout: ✗
🔹 Low Breakout: ✗
======================================================================

======================================================================
⏰ 2025-10-21 17:07:30 IST | Market: 🔴 CLOSED
======================================================================
📊 Previous Day - High: 25926.2, Low: 25788.5
💹 Current Nifty: 25868.6
📍 Position: None
📈 Trades Today: 0/2
🔸 High Breakout: ✗
🔹 Low Breakout: ✗
======================================================================

======================================================================
⏰ 2025-10-21 17:07:40 IST | Market: 🔴 CLOSED
======================================================================
📊 Previous Day - High: 25926.2, Low: 25788.5
💹 Current Nifty: 25868.6
📍 Position: None
📈 Trades Today: 0/2
🔸 High Breakout: ✗
🔹 Low Breakout: ✗
======================================================================

======================================================================
⏰ 2025-10-21 17:07:51 IST | Market: 🔴 CLOSED
======================================================================
📊 Previous Day - High: 25926.2, Low: 25788.5
💹 Current Nifty: 25868.6
📍 Position: None
📈 Trades Today: 0/2
🔸 High Breakout: ✗
🔹 Low Breakout: ✗
======================================================================

======================================================================
⏰ 2025-10-21 17:08:01 IST | Market: 🔴 CLOSED
======================================================================
📊 Previous Day - High: 25926.2, Low: 25788.5
💹 Current Nifty: 25868.6
📍 Position: None
📈 Trades Today: 0/2
🔸 High Breakout: ✗
🔹 Low Breakout: ✗
======================================================================

======================================================================
⏰ 2025-10-21 17:08:11 IST | Market: 🔴 CLOSED
======================================================================
📊 Previous Day - High: 25926.2, Low: 25788.5
💹 Current Nifty: 25868.6
📍 Position: None
📈 Trades Today: 0/2
🔸 High Breakout: ✗
🔹 Low Breakout: ✗
======================================================================

======================================================================
⏰ 2025-10-21 17:08:21 IST | Market: 🔴 CLOSED
======================================================================
📊 Previous Day - High: 25926.2, Low: 25788.5
💹 Current Nifty: 25868.6
📍 Position: None
📈 Trades Today: 0/2
🔸 High Breakout: ✗
🔹 Low Breakout: ✗
======================================================================

======================================================================
⏰ 2025-10-21 17:08:32 IST | Market: 🔴 CLOSED
======================================================================
📊 Previous Day - High: 25926.2, Low: 25788.5
💹 Current Nifty: 25868.6
📍 Position: None
📈 Trades Today: 0/2
🔸 High Breakout: ✗
🔹 Low Breakout: ✗
======================================================================

======================================================================
⏰ 2025-10-21 17:08:42 IST | Market: 🔴 CLOSED
======================================================================
📊 Previous Day - High: 25926.2, Low: 25788.5
💹 Current Nifty: 25868.6
📍 Position: None
📈 Trades Today: 0/2
🔸 High Breakout: ✗
🔹 Low Breakout: ✗
======================================================================

======================================================================
⏰ 2025-10-21 17:08:52 IST | Market: 🔴 CLOSED
======================================================================
📊 Previous Day - High: 25926.2, Low: 25788.5
💹 Current Nifty: 25868.6
📍 Position: None
📈 Trades Today: 0/2
🔸 High Breakout: ✗
🔹 Low Breakout: ✗
======================================================================
